17:38:06     2.607  no BetterInteraction.cfg found; running on built-in defaults. Looked in: F:\SteamLibrary\steamapps\common\Grain Rot\Helden\Binaries\Win64\cfg\BetterInteraction.cfg   F:\SteamLibrary\steamapps\common\Grain Rot\Helden\Binaries\Win64\Mods\BetterInteraction\Scripts\BetterInteraction.cfg   BetterInteraction.cfg
17:38:06     2.608  ---- BetterInteraction 0.1.0-phase1 loaded ----
17:38:06     2.608  loaded.
17:38:06     2.608  prompt_angle=45  prompt_distance=0  reach=0  aim_forgiveness=0  hold_duration=0
17:38:06     2.608  F3  writes a diagnostic report and changes nothing
17:38:06     2.608  F4  reloads BetterInteraction.cfg
17:39:30    87.110  world changed; epoch is now 1
17:40:56   172.540  state written to BetterInteraction_state.txt
17:44:27     2.863  config loaded from ..\..\Config\BetterInteraction.cfg -- 10 settings
17:44:27     2.863  ---- BetterInteraction 0.1.1-phase1 loaded ----
17:44:27     2.863  loaded.
17:44:27     2.863  prompt_angle=45  prompt_distance=0  reach=0  aim_forgiveness=0  hold_duration=0
17:44:27     2.863  F3  writes a diagnostic report and changes nothing
17:44:27     2.863  F4  reloads BetterInteraction.cfg
17:44:48    24.018  world changed; epoch is now 1
18:26:04     2.931  config loaded from ..\..\Config\BetterInteraction.cfg -- 10 settings
18:26:04     2.931  ---- BetterInteraction 0.1.1-phase1 loaded ----
18:26:04     2.931  loaded.
18:26:04     2.931  prompt_angle=45  prompt_distance=0  reach=0  aim_forgiveness=0  hold_duration=0
18:26:04     2.931  F3  writes a diagnostic report and changes nothing
18:26:04     2.931  F4  reloads BetterInteraction.cfg
18:26:12    11.107  world changed; epoch is now 1
19:05:14     2.848  config loaded from ..\..\Config\BetterInteraction.cfg -- 10 settings
19:05:14     2.848  ---- BetterInteraction 0.1.1-phase1 loaded ----
19:05:14     2.848  loaded.
19:05:14     2.848  prompt_angle=45  prompt_distance=0  reach=0  aim_forgiveness=0  hold_duration=0
19:05:14     2.848  F3  writes a diagnostic report and changes nothing
19:05:14     2.849  F4  reloads BetterInteraction.cfg
19:05:20     8.726  world changed; epoch is now 1
19:12:08     2.523  config loaded from ..\..\Config\BetterInteraction.cfg -- 10 settings
19:12:08     2.523  ---- BetterInteraction 0.1.1-phase1 loaded ----
19:12:08     2.524  loaded.
19:12:08     2.524  prompt_angle=45  prompt_distance=0  reach=0  aim_forgiveness=0  hold_duration=0
19:12:08     2.524  F3  writes a diagnostic report and changes nothing
19:12:08     2.524  F4  reloads BetterInteraction.cfg
19:12:21    15.534  world changed; epoch is now 1
19:16:20     2.576  config loaded from ..\..\Config\BetterInteraction.cfg -- 10 settings
19:16:20     2.576  ---- BetterInteraction 0.1.1-phase1 loaded ----
19:16:20     2.576  loaded.
19:16:20     2.576  prompt_angle=45  prompt_distance=0  reach=0  aim_forgiveness=0  hold_duration=0
19:16:20     2.576  F3  writes a diagnostic report and changes nothing
19:16:20     2.576  F4  reloads BetterInteraction.cfg
19:16:26     8.316  world changed; epoch is now 1
19:21:18     2.523  config loaded from ..\..\Config\BetterInteraction.cfg -- 10 settings
19:21:18     2.523  ---- BetterInteraction 0.1.1-phase1 loaded ----
19:21:18     2.523  loaded.
19:21:18     2.523  prompt_angle=45  prompt_distance=0  reach=0  aim_forgiveness=0  hold_duration=0
19:21:18     2.523  F3  writes a diagnostic report and changes nothing
19:21:18     2.523  F4  reloads BetterInteraction.cfg
19:21:24     8.389  world changed; epoch is now 1
19:32:46     2.801  config loaded from ..\..\Config\BetterInteraction.cfg -- 11 settings
19:32:46     2.801  ---- BetterInteraction 0.2.0-deposit loaded ----
19:32:46     2.801  loaded.
19:32:46     2.801  prompt_angle=0  prompt_distance=0  reach=0  aim_forgiveness=0  hold_duration=0
19:32:46     2.801  F3  writes a diagnostic report and changes nothing
19:32:46     2.802  F4  reloads BetterInteraction.cfg
19:32:52     8.415  world changed; epoch is now 1
19:35:22   158.802  deposit BP_HeldenElevator_CoinDeposit_C_2: RequiredMoney 0S/5G/0A -> 0S/21G/0A (owed 35, affordable 21)
19:36:10   206.880  deposit BP_HeldenElevator_CoinDeposit_C_2: RequiredMoney 0S/5G/0A -> 0S/30G/0A (owed 30, affordable 37)
19:38:17     2.656  config loaded from ..\..\Config\BetterInteraction.cfg -- 11 settings
19:38:17     2.656  ---- BetterInteraction 0.2.0-deposit loaded ----
19:38:17     2.656  loaded.
19:38:17     2.656  prompt_angle=0  prompt_distance=0  reach=0  aim_forgiveness=0  hold_duration=0
19:38:17     2.656  F3  writes a diagnostic report and changes nothing
19:38:17     2.656  F4  reloads BetterInteraction.cfg
19:38:25    10.274  world changed; epoch is now 1
19:40:01   106.540  deposit BP_HeldenElevator_CoinDeposit_C_2: RequiredMoney 0S/5G/0A -> 0S/27G/0A (owed 40, affordable 27)
19:40:09   114.705  deposit BP_HeldenElevator_CoinDeposit_C_2: RequiredMoney 0S/5G/0A -> 0S/40G/0A (owed 40, affordable 60)
19:41:37     2.847  config loaded from ..\..\Config\BetterInteraction.cfg -- 11 settings
19:41:37     2.847  ---- BetterInteraction 0.2.0-deposit loaded ----
19:41:37     2.847  loaded.
19:41:37     2.847  prompt_angle=0  prompt_distance=0  reach=0  aim_forgiveness=0  hold_duration=0
19:41:37     2.847  F3  writes a diagnostic report and changes nothing
19:41:37     2.847  F4  reloads BetterInteraction.cfg
19:41:45    10.548  world changed; epoch is now 1
19:43:17   102.757  deposit BP_HeldenElevator_CoinDeposit_C_2: RequiredMoney 0S/5G/0A -> 0S/25G/0A (owed 30, affordable 25)
19:44:19     2.915  config loaded from ..\..\Config\BetterInteraction.cfg -- 11 settings
19:44:19     2.915  ---- BetterInteraction 0.2.0-deposit loaded ----
19:44:19     2.916  loaded.
19:44:19     2.916  prompt_angle=0  prompt_distance=0  reach=0  aim_forgiveness=0  hold_duration=0
19:44:19     2.916  F3  writes a diagnostic report and changes nothing
19:44:19     2.916  F4  reloads BetterInteraction.cfg
19:44:27    10.847  world changed; epoch is now 1
19:45:59   103.006  deposit BP_HeldenElevator_CoinDeposit_C_2: RequiredMoney 0S/5G/0A -> 0S/27G/0A (owed 40, affordable 27)
19:46:02   106.060  deposit BP_HeldenElevator_CoinDeposit_C_2: RequiredMoney 0S/5G/0A -> 0S/22G/0A (owed 35, affordable 22)
19:46:11   115.268  deposit BP_HeldenElevator_CoinDeposit_C_2: RequiredMoney 0S/5G/0A -> 0S/13G/0A (owed 13, affordable 16)
19:46:59   162.864  state written to BetterInteraction_state.txt
19:53:02     2.561  config loaded from ..\..\Config\BetterInteraction.cfg -- 11 settings
19:53:02     2.561  ---- BetterInteraction 0.2.1-deposit loaded ----
19:53:02     2.561  loaded.
19:53:02     2.561  prompt_angle=0  prompt_distance=0  reach=0  aim_forgiveness=0  hold_duration=0
19:53:02     2.561  F3  writes a diagnostic report and changes nothing
19:53:02     2.561  F4  reloads BetterInteraction.cfg
20:47:31     2.859  config loaded from ..\..\Config\BetterInteraction.cfg -- 11 settings
20:47:31     2.859  ---- BetterInteraction 0.2.2-nohold loaded ----
20:47:31     2.859  loaded.
20:47:31     2.859  prompt_angle=0  prompt_distance=0  reach=0  aim_forgiveness=0  hold_duration=0
20:47:31     2.859  F3  writes a diagnostic report and changes nothing
20:47:31     2.859  F4  reloads BetterInteraction.cfg
20:47:37     8.316  world changed; epoch is now 1
20:49:12   103.732  deposit BP_HeldenElevator_CoinDeposit_C_2: RequiredMoney 0S/5G/0A -> 0S/30G/0A (owed 35, affordable 30)
20:49:12   103.939  deposit BP_HeldenElevator_CoinDeposit_C_2: doing nothing -- one press already covers it: owed 35, you have 30 gold, and it takes 30 per press
20:49:13   104.977  deposit BP_HeldenElevator_CoinDeposit_C_2: doing nothing -- nothing to pay: owed 5, you have 0 gold
20:49:20   111.939  deposit BP_HeldenElevator_CoinDeposit_C_2: doing nothing -- one press already covers it: owed 5, you have 10 gold, and it takes 5 per press
20:50:05   156.987  deposit BP_Gumball_CoinDeposit_C_1: doing nothing -- nothing to pay: owed 3, you have 0 artifacts
20:50:07   158.631  deposit BP_Gumball_CoinDeposit_C_1: doing nothing -- nothing to pay: owed 1, you have 0 artifacts
20:50:40   191.808  deposit BP_Gumball_CoinDeposit_C_1: doing nothing -- nothing to pay: owed 2, you have 0 artifacts
20:50:56     2.852  config loaded from ..\..\Config\BetterInteraction.cfg -- 11 settings
20:50:56     2.852  ---- BetterInteraction 0.2.2-nohold loaded ----
20:50:56     2.852  loaded.
20:50:56     2.852  prompt_angle=0  prompt_distance=0  reach=0  aim_forgiveness=0  hold_duration=0
20:50:56     2.852  F3  writes a diagnostic report and changes nothing
20:50:56     2.852  F4  reloads BetterInteraction.cfg
20:59:29   515.007  world changed; epoch is now 1
21:00:59   605.688  deposit BP_HeldenElevator_CoinDeposit_C_2: RequiredMoney 0S/5G/0A -> 0S/40G/0A (owed 40, affordable 41)
21:01:00   606.295  deposit BP_HeldenElevator_CoinDeposit_C_2: doing nothing -- nothing to pay: owed 0, you have 1 gold
21:02:02   668.149  deposit BP_Gumball_CoinDeposit_C_1: doing nothing -- nothing to pay: owed 3, you have 0 artifacts
21:02:03   669.385  deposit BP_Gumball_CoinDeposit_C_1: doing nothing -- nothing to pay: owed 2, you have 0 artifacts
21:02:07   673.068  deposit BP_Gumball_CoinDeposit_C_1: doing nothing -- nothing to pay: owed 1, you have 0 artifacts
21:02:13   679.211  state written to BetterInteraction_state.txt
21:06:39     2.521  config loaded from ..\..\Config\BetterInteraction.cfg -- 11 settings
21:06:39     2.521  ---- BetterInteraction 0.2.3-proximity loaded ----
21:06:39     2.521  loaded.
21:06:39     2.522  prompt_angle=0  prompt_distance=0  reach=0  aim_forgiveness=0  hold_duration=0
21:06:39     2.522  F3  writes a diagnostic report and changes nothing
21:06:39     2.522  F4  reloads BetterInteraction.cfg
21:06:51    13.976  world changed; epoch is now 1
21:06:56    19.099  deposit BP_Gumball_CoinDeposit_C_1: doing nothing -- owed 3 artifacts. carried = 0S/0G/0A, stash = 200S/50G/0A
21:07:05    28.306  deposit BP_HeldenElevator_CoinDeposit_C_2: doing nothing -- owed 0 gold. carried = 0S/0G/0A, stash = 200S/50G/0A
21:07:27    50.202  deposit BP_HeldenElevator_CoinDeposit_C_2: doing nothing -- owed 40 gold. carried = 0S/0G/0A, stash = 200S/50G/0A
21:07:56    79.054  deposit BP_HeldenElevator_CoinDeposit_C_2: RequiredMoney 0S/5G/0A -> 0S/35G/0A (owed 40, affordable 35)
21:07:56    79.259  deposit BP_HeldenElevator_CoinDeposit_C_2: doing nothing -- one press already covers it: owed 40, you have 35 gold, and it takes 35 per press
21:07:57    80.276  deposit BP_HeldenElevator_CoinDeposit_C_2: doing nothing -- owed 5 gold. carried = 0S/0G/0A, stash = 200S/50G/0A
21:08:00    82.733  could not restore RequiredMoney on BP_HeldenElevator_CoinDeposit_C_2 (left range): it is no longer reachable. It was 0S/5G/0A. The value is not saved anywhere; restarting clears it.
21:08:08    90.905  deposit BP_HeldenElevator_CoinDeposit_C_2: doing nothing -- one press already covers it: owed 5, you have 10 gold, and it takes 35 per press
21:08:34   117.682  state written to BetterInteraction_state.txt
21:13:06     2.516  config loaded from ..\..\Config\BetterInteraction.cfg -- 11 settings
21:13:06     2.516  ---- BetterInteraction 0.2.4-baseline loaded ----
21:13:06     2.516  loaded.
21:13:06     2.516  prompt_angle=0  prompt_distance=0  reach=0  aim_forgiveness=0  hold_duration=0
21:13:06     2.516  F3  writes a diagnostic report and changes nothing
21:13:06     2.516  F4  reloads BetterInteraction.cfg
21:13:15    10.756  world changed; epoch is now 1
21:13:20    16.294  deposit BP_Gumball_CoinDeposit_C_1: owed 3 artifacts but you appear to have none. carried = 0S/0G/0A, stash = 200S/50G/0A
21:13:53    48.681  deposit BP_HeldenElevator_CoinDeposit_C_2: owed 40 gold but you appear to have none. carried = 0S/0G/0A, stash = 200S/50G/0A
21:14:14    70.565  deposit BP_HeldenElevator_CoinDeposit_C_2: RequiredMoney 0S/5G/0A -> 0S/39G/0A (owed 40, affordable 39, game's own 5)
21:14:15    71.591  deposit BP_HeldenElevator_CoinDeposit_C_2: RequiredMoney 0S/39G/0A -> 0S/5G/0A (owed 1, affordable 0, game's own 5)
21:14:45   101.299  deposit BP_Upgrade_CoinDeposit_C_0: owed 100 gold but you appear to have none. carried = 0S/0G/0A, stash = 200S/66G/2A
21:18:19     2.564  config loaded from ..\..\Config\BetterInteraction.cfg -- 11 settings
21:18:19     2.564  ---- BetterInteraction 0.2.5-gumball-diag loaded ----
21:18:19     2.564  loaded.
21:18:19     2.564  prompt_angle=0  prompt_distance=0  reach=0  aim_forgiveness=0  hold_duration=0
21:18:19     2.564  F3  writes a diagnostic report and changes nothing
21:18:19     2.564  F4  reloads BetterInteraction.cfg
21:18:27    10.931  world changed; epoch is now 1
21:18:33    16.614  deposit state: BP_Gumball_CoinDeposit_C_1 owed=3 artifacts  carried=0S/0G/0A  stash=200S/50G/0A  required=0S/0G/1A  gameOwn=1
21:19:03    46.728  deposit state: BP_HeldenElevator_CoinDeposit_C_2 owed=40 gold  carried=0S/0G/0A  stash=200S/50G/0A  required=0S/5G/0A  gameOwn=5
21:19:48    92.330  world changed with 2 deposit(s) still modified; dropping them unrestored -- their world is gone
21:19:48    92.330  world changed; epoch is now 2
21:19:54    97.646  world changed; epoch is now 3
21:19:58   102.346  deposit state: BP_Gumball_CoinDeposit_C_1 owed=3 artifacts  carried=0S/0G/0A  stash=200S/50G/0A  required=0S/0G/1A  gameOwn=1
21:20:27   131.014  deposit state: BP_HeldenElevator_CoinDeposit_C_2 owed=40 gold  carried=0S/0G/0A  stash=200S/50G/0A  required=0S/5G/0A  gameOwn=5
21:21:16   180.139  deposit BP_HeldenElevator_CoinDeposit_C_2: RequiredMoney 0S/5G/0A -> 0S/39G/0A (owed 40, affordable 39, game's own 5)
21:21:16   180.143  deposit state: BP_HeldenElevator_CoinDeposit_C_2 owed=40 gold  carried=10S/39G/0A  stash=200S/50G/0A  required=0S/39G/0A  gameOwn=5
21:21:18   182.393  deposit BP_HeldenElevator_CoinDeposit_C_2: RequiredMoney 0S/39G/0A -> 0S/5G/0A (owed 1, affordable 0, game's own 5)
21:21:18   182.398  deposit state: BP_HeldenElevator_CoinDeposit_C_2 owed=1 gold  carried=10S/0G/0A  stash=200S/50G/0A  required=0S/5G/0A  gameOwn=5
21:21:43   206.546  deposit state: BP_HeldenElevator_CoinDeposit_C_2 owed=1 gold  carried=25S/8G/0A  stash=200S/50G/0A  required=0S/5G/0A  gameOwn=5
21:22:07   230.721  deposit state: BP_Gumball_CoinDeposit_C_1 owed=3 artifacts  carried=0S/0G/0A  stash=225S/53G/0A  required=0S/0G/1A  gameOwn=1
21:22:09   233.159  deposit state: BP_Upgrade_CoinDeposit_C_0 owed=100 gold  carried=0S/0G/0A  stash=225S/53G/0A  required=0S/20G/0A  gameOwn=20
21:22:17   241.325  deposit state: BP_Upgrade_CoinDeposit_C_0 owed=100 gold  carried=0S/0G/0A  stash=225S/53G/3A  required=0S/20G/0A  gameOwn=20
21:22:20   243.572  deposit state: BP_Gumball_CoinDeposit_C_1 owed=3 artifacts  carried=0S/0G/0A  stash=225S/53G/3A  required=0S/0G/1A  gameOwn=1
21:22:21   245.211  deposit state: BP_Gumball_CoinDeposit_C_1 owed=2 artifacts  carried=0S/0G/0A  stash=225S/53G/2A  required=0S/0G/1A  gameOwn=1
21:22:24   248.067  deposit state: BP_Gumball_CoinDeposit_C_1 owed=1 artifacts  carried=0S/0G/0A  stash=225S/53G/1A  required=0S/0G/1A  gameOwn=1
21:22:25   249.292  deposit state: BP_Gumball_CoinDeposit_C_1 owed=3 artifacts  carried=0S/0G/0A  stash=225S/53G/0A  required=0S/0G/1A  gameOwn=1
21:22:30   254.236  deposit state: BP_Upgrade_CoinDeposit_C_0 owed=100 gold  carried=0S/0G/0A  stash=225S/53G/0A  required=0S/20G/0A  gameOwn=20
21:22:36   260.169  deposit state: BP_Upgrade_CoinDeposit_C_0 owed=100 gold  carried=0S/0G/0A  stash=225S/53G/6A  required=0S/20G/0A  gameOwn=20
21:22:39   262.816  deposit state: BP_Gumball_CoinDeposit_C_1 owed=3 artifacts  carried=0S/0G/0A  stash=225S/53G/6A  required=0S/0G/1A  gameOwn=1
21:22:41   265.269  deposit state: BP_Gumball_CoinDeposit_C_1 owed=2 artifacts  carried=0S/0G/0A  stash=225S/53G/5A  required=0S/0G/1A  gameOwn=1
21:22:44   267.938  deposit state: BP_Gumball_CoinDeposit_C_1 owed=1 artifacts  carried=0S/0G/0A  stash=225S/53G/4A  required=0S/0G/1A  gameOwn=1
21:22:45   268.758  deposit state: BP_Gumball_CoinDeposit_C_1 owed=3 artifacts  carried=0S/0G/0A  stash=225S/53G/3A  required=0S/0G/1A  gameOwn=1
21:22:45   269.374  deposit state: BP_Gumball_CoinDeposit_C_1 owed=2 artifacts  carried=0S/0G/0A  stash=225S/53G/2A  required=0S/0G/1A  gameOwn=1
21:27:24     2.879  config loaded from ..\..\Config\BetterInteraction.cfg -- 11 settings
21:27:24     2.879  ---- BetterInteraction 0.3.0-pools loaded ----
21:27:24     2.879  loaded.
21:27:24     2.879  prompt_angle=0  prompt_distance=0  reach=0  aim_forgiveness=0  hold_duration=0
21:27:24     2.879  F3  writes a diagnostic report and changes nothing
21:27:24     2.879  F4  reloads BetterInteraction.cfg
21:28:58    97.236  world changed; epoch is now 1
21:29:04   103.021  deposit state: BP_Gumball_CoinDeposit_C_1 owed=3 artifacts  pays-from=stash  carried=0S/0G/0A  stash=200S/50G/0A  required=0S/0G/1A  gameOwn=1
21:29:33   132.285  deposit state: BP_HeldenElevator_CoinDeposit_C_2 owed=40 gold  pays-from=carried  carried=0S/0G/0A  stash=200S/50G/0A  required=0S/5G/0A  gameOwn=5
21:30:13   171.589  deposit BP_HeldenElevator_CoinDeposit_C_2: RequiredMoney 0S/5G/0A -> 0S/35G/0A (owed 40, affordable 36, game's own 5)
21:30:13   171.594  deposit state: BP_HeldenElevator_CoinDeposit_C_2 owed=40 gold  pays-from=carried  carried=0S/36G/1A  stash=200S/50G/0A  required=0S/35G/0A  gameOwn=5
21:30:14   173.027  deposit BP_HeldenElevator_CoinDeposit_C_2: RequiredMoney 0S/35G/0A -> 0S/5G/0A (owed 5, affordable 1, game's own 5)
21:30:14   173.032  deposit state: BP_HeldenElevator_CoinDeposit_C_2 owed=5 gold  pays-from=carried  carried=0S/1G/1A  stash=200S/50G/0A  required=0S/5G/0A  gameOwn=5
21:30:39   198.173  deposit state: BP_HeldenElevator_CoinDeposit_C_2 owed=5 gold  pays-from=carried  carried=21S/16G/2A  stash=200S/50G/0A  required=0S/5G/0A  gameOwn=5
21:31:03   222.344  deposit BP_Gumball_CoinDeposit_C_1: RequiredMoney 0S/0G/1A -> 0S/0G/2A (owed 3, affordable 2, game's own 1)
21:31:03   222.348  deposit state: BP_Gumball_CoinDeposit_C_1 owed=3 artifacts  pays-from=stash  carried=0S/0G/0A  stash=221S/61G/2A  required=0S/0G/2A  gameOwn=1
21:31:06   224.593  deposit state: BP_Upgrade_CoinDeposit_C_0 owed=100 gold  pays-from=carried  carried=0S/0G/0A  stash=221S/61G/2A  required=0S/20G/0A  gameOwn=20
21:31:14   233.175  deposit state: BP_Upgrade_CoinDeposit_C_0 owed=100 gold  pays-from=carried  carried=0S/0G/0A  stash=221S/61G/5A  required=0S/20G/0A  gameOwn=20
21:31:17   236.243  deposit BP_Gumball_CoinDeposit_C_1: RequiredMoney 0S/0G/2A -> 0S/0G/3A (owed 3, affordable 5, game's own 1)
21:31:17   236.247  deposit state: BP_Gumball_CoinDeposit_C_1 owed=3 artifacts  pays-from=stash  carried=0S/0G/0A  stash=221S/61G/5A  required=0S/0G/3A  gameOwn=1
21:31:19   238.293  deposit BP_Gumball_CoinDeposit_C_1: RequiredMoney 0S/0G/3A -> 0S/0G/2A (owed 2, affordable 2, game's own 1)
21:31:19   238.297  deposit state: BP_Gumball_CoinDeposit_C_1 owed=2 artifacts  pays-from=stash  carried=0S/0G/0A  stash=221S/61G/2A  required=0S/0G/2A  gameOwn=1
21:31:23   241.771  deposit BP_Gumball_CoinDeposit_C_1: RequiredMoney 0S/0G/2A -> 0S/0G/1A (owed 1, affordable 0, game's own 1)
21:31:23   241.775  deposit state: BP_Gumball_CoinDeposit_C_1 owed=1 artifacts  pays-from=stash  carried=0S/0G/0A  stash=221S/61G/0A  required=0S/0G/1A  gameOwn=1
21:35:55     2.890  config loaded from ..\..\Config\BetterInteraction.cfg -- 11 settings
21:35:55     2.890  ---- BetterInteraction 0.3.1-credit-guard loaded ----
21:35:55     2.890  loaded.
21:35:55     2.890  prompt_angle=0  prompt_distance=0  reach=0  aim_forgiveness=0  hold_duration=0
21:35:55     2.890  F3  writes a diagnostic report and changes nothing
21:35:55     2.890  F4  reloads BetterInteraction.cfg
21:37:11    78.201  world changed; epoch is now 1
21:37:14    81.893  deposit BP_Gumball_CoinDeposit_C_1: NOT elevating -- its counter (CoinsLeftToPay) credits one press at a time whatever the deposit charges, so paying more would destroy the difference. Leaving the game's own 1 per press.
21:37:14    81.897  deposit state: BP_Gumball_CoinDeposit_C_1 owed=1 artifacts  pays-from=stash  carried=0S/0G/0A  stash=3983S/1064G/0A  required=0S/0G/1A  gameOwn=1
21:37:29    96.780  world changed with 1 deposit(s) still modified; dropping them unrestored -- their world is gone
21:37:29    96.780  world changed; epoch is now 2
21:53:35     2.848  config loaded from ..\..\Config\BetterInteraction.cfg -- 11 settings
21:53:35     2.848  ---- BetterInteraction 0.3.1-credit-guard loaded ----
21:53:35     2.848  loaded.
21:53:35     2.848  prompt_angle=0  prompt_distance=0  reach=0  aim_forgiveness=0  hold_duration=0
21:53:35     2.848  F3  writes a diagnostic report and changes nothing
21:53:35     2.848  F4  reloads BetterInteraction.cfg
21:54:02    30.523  world changed; epoch is now 1
21:54:05    33.204  deposit BP_Gumball_CoinDeposit_C_1: NOT elevating -- its counter (CoinsLeftToPay) credits one press at a time whatever the deposit charges, so paying more would destroy the difference. Leaving the game's own 1 per press.
21:54:05    33.207  deposit state: BP_Gumball_CoinDeposit_C_1 owed=1 artifacts  pays-from=stash  carried=0S/0G/0A  stash=2496S/1531G/7A  required=0S/0G/1A  gameOwn=1
21:54:35    63.710  CREDIT RATIO BP_Gumball_CoinDeposit_C_1: paid 1 artifacts, credited -2 (DOES NOT credit by amount)
21:54:35    63.711  deposit state: BP_Gumball_CoinDeposit_C_1 owed=3 artifacts  pays-from=stash  carried=0S/0G/0A  stash=2496S/1531G/6A  required=0S/0G/1A  gameOwn=1
21:54:41    69.266  CREDIT RATIO BP_Gumball_CoinDeposit_C_1: paid 1 artifacts, credited 1 (credits by amount)
21:54:41    69.266  deposit state: BP_Gumball_CoinDeposit_C_1 owed=2 artifacts  pays-from=stash  carried=0S/0G/0A  stash=2496S/1531G/5A  required=0S/0G/1A  gameOwn=1
21:54:48    76.644  deposit BP_Upgrade_CoinDeposit_C_0: NOT elevating -- its counter (CoinsLeftToPay) credits one press at a time whatever the deposit charges, so paying more would destroy the difference. Leaving the game's own 20 per press.
21:54:48    76.649  deposit state: BP_Upgrade_CoinDeposit_C_0 owed=100 gold  pays-from=carried  carried=0S/0G/0A  stash=2496S/1531G/5A  required=0S/20G/0A  gameOwn=20
21:55:57   144.831  deposit state: BP_Upgrade_CoinDeposit_C_0 owed=80 gold  pays-from=carried  carried=0S/0G/0A  stash=2496S/1511G/5A  required=0S/20G/0A  gameOwn=20
21:56:01   148.927  deposit state: BP_Upgrade_CoinDeposit_C_0 owed=60 gold  pays-from=carried  carried=0S/0G/0A  stash=2496S/1491G/5A  required=0S/20G/0A  gameOwn=20
21:56:01   149.334  deposit state: BP_Upgrade_CoinDeposit_C_0 owed=40 gold  pays-from=carried  carried=0S/0G/0A  stash=2496S/1471G/5A  required=0S/20G/0A  gameOwn=20
21:56:01   149.736  deposit state: BP_Upgrade_CoinDeposit_C_0 owed=20 gold  pays-from=carried  carried=0S/0G/0A  stash=2496S/1451G/5A  required=0S/20G/0A  gameOwn=20
21:56:03   151.166  deposit state: BP_Upgrade_CoinDeposit_C_0 owed=100 gold  pays-from=carried  carried=0S/0G/0A  stash=2496S/1431G/5A  required=0S/20G/0A  gameOwn=20
21:56:14   162.648  deposit state: BP_Upgrade_CoinDeposit_C_0 owed=80 gold  pays-from=carried  carried=0S/0G/0A  stash=2496S/1411G/5A  required=0S/20G/0A  gameOwn=20
21:56:15   163.664  deposit state: BP_Upgrade_CoinDeposit_C_0 owed=60 gold  pays-from=carried  carried=0S/0G/0A  stash=2496S/1391G/5A  required=0S/20G/0A  gameOwn=20
21:56:16   164.069  deposit state: BP_Upgrade_CoinDeposit_C_0 owed=40 gold  pays-from=carried  carried=0S/0G/0A  stash=2496S/1371G/5A  required=0S/20G/0A  gameOwn=20
21:56:16   164.483  deposit state: BP_Upgrade_CoinDeposit_C_0 owed=20 gold  pays-from=carried  carried=0S/0G/0A  stash=2496S/1351G/5A  required=0S/20G/0A  gameOwn=20
21:56:17   165.309  deposit state: BP_Upgrade_CoinDeposit_C_0 owed=100 gold  pays-from=carried  carried=0S/0G/0A  stash=2496S/1331G/5A  required=0S/20G/0A  gameOwn=20
21:56:31   178.805  deposit state: BP_Upgrade_CoinDeposit_C_0 owed=100 gold  pays-from=carried  carried=0S/0G/0A  stash=1996S/1331G/5A  required=0S/20G/0A  gameOwn=20
21:56:32   180.439  deposit state: BP_Upgrade_CoinDeposit_C_0 owed=100 gold  pays-from=carried  carried=0S/0G/0A  stash=1496S/1331G/5A  required=0S/20G/0A  gameOwn=20
21:56:34   182.289  deposit state: BP_Upgrade_CoinDeposit_C_0 owed=100 gold  pays-from=carried  carried=0S/0G/0A  stash=996S/1331G/5A  required=0S/20G/0A  gameOwn=20
21:57:00   208.280  deposit state: BP_Upgrade_CoinDeposit_C_0 owed=100 gold  pays-from=carried  carried=0S/0G/0A  stash=1029S/1331G/5A  required=0S/20G/0A  gameOwn=20
21:57:01   209.508  deposit state: BP_Upgrade_CoinDeposit_C_0 owed=100 gold  pays-from=carried  carried=0S/0G/0A  stash=529S/1331G/5A  required=0S/20G/0A  gameOwn=20
21:57:04   211.772  deposit state: BP_Upgrade_CoinDeposit_C_0 owed=100 gold  pays-from=carried  carried=0S/0G/0A  stash=29S/1331G/5A  required=0S/20G/0A  gameOwn=20
21:57:12   219.866  world changed with 3 deposit(s) still modified; dropping them unrestored -- their world is gone
21:57:12   219.866  world changed; epoch is now 2
22:01:34     2.840  config loaded from ..\..\Config\BetterInteraction.cfg -- 11 settings
22:01:34     2.841  ---- BetterInteraction 0.3.2-permachine loaded ----
22:01:34     2.841  loaded.
22:01:34     2.841  prompt_angle=0  prompt_distance=0  reach=0  aim_forgiveness=0  hold_duration=0
22:01:34     2.841  F3  writes a diagnostic report and changes nothing
22:01:34     2.841  F4  reloads BetterInteraction.cfg
22:01:46    15.541  world changed; epoch is now 1
22:02:54    83.074  world changed with 1 deposit(s) still modified; dropping them unrestored -- their world is gone
22:02:54    83.074  world changed; epoch is now 2
22:07:16     2.636  config loaded from ..\..\Config\BetterInteraction.cfg -- 11 settings
22:07:16     2.636  ---- BetterInteraction 0.3.3-classname loaded ----
22:07:16     2.636  loaded.
22:07:16     2.636  prompt_angle=0  prompt_distance=0  reach=0  aim_forgiveness=0  hold_duration=0
22:07:16     2.636  F3  writes a diagnostic report and changes nothing
22:07:16     2.636  F4  reloads BetterInteraction.cfg
22:07:21     7.987  world changed; epoch is now 1
22:07:29    15.748  deposit BP_Upgrade_CoinDeposit_C_0: RequiredMoney 0S/20G/0A -> 0S/100G/0A (owed 100, affordable 1231, game's own 20)
22:07:29    15.751  deposit state: BP_Upgrade_CoinDeposit_C_0 owed=100 gold  pays-from=stash  carried=0S/0G/0A  stash=29S/1231G/5A  required=0S/100G/0A  gameOwn=20
22:07:37    23.739  deposit BP_Upgrade_CoinDeposit_C_0: RequiredMoney 0S/100G/0A -> 0S/20G/0A (owed 0, affordable 1131, game's own 20)
22:07:53    39.699  deposit BP_Upgrade_CoinDeposit_C_0: RequiredMoney 0S/20G/0A -> 0S/100G/0A (owed 100, affordable 1131, game's own 20)
22:07:53    39.703  deposit state: BP_Upgrade_CoinDeposit_C_0 owed=100 gold  pays-from=stash  carried=0S/0G/0A  stash=29S/1131G/5A  required=0S/100G/0A  gameOwn=20
22:08:09    55.694  deposit BP_Gumball_CoinDeposit_C_1 (BP_Gumball_CoinDeposit_C): NOT elevating -- it credits one press at a time whatever the deposit charges, so paying more would destroy the difference. Leaving the game's own 1 per press.
22:08:09    55.698  deposit state: BP_Gumball_CoinDeposit_C_1 owed=2 artifacts  pays-from=stash  carried=0S/0G/0A  stash=29S/1131G/5A  required=0S/0G/1A  gameOwn=1
22:08:34    81.600  world changed with 2 deposit(s) still modified; dropping them unrestored -- their world is gone
22:08:34    81.600  world changed; epoch is now 2
